[2017-10-05 17:14:23] :: Server up and running on TCP port 9001!
[2017-10-05 17:14:43] :: (5)->  point
[2017-10-05 17:14:43] :: (5)->  point 1
[2017-10-05 17:14:55] :: (4)->  
[2017-10-05 17:14:57] :: (4)->  help
[2017-10-05 17:15:00] :: (4)->  setdac
[2017-10-05 17:15:01] :: (4)->  set
[2017-10-05 17:15:24] :: (4)->  q
[2017-10-05 17:16:17] :: (4)->  setdac 0 1213
[2017-10-05 17:16:19] :: (4)->  q
[2017-10-05 17:16:26] :: (4)->  setdac 0 1213
[2017-10-05 17:16:32] :: (5)->  setpower
[2017-10-05 17:16:32] :: (5)->  setpower usevco 1
[2017-10-05 17:16:47] :: (4)->  setdac 1 2941
[2017-10-05 17:16:52] :: (4)->  setdac 2 274
[2017-10-05 17:18:20] :: (4)->  setdac 0 321
[2017-10-05 17:18:28] :: (4)->  setdac 1 1091
[2017-10-05 17:18:34] :: (4)->  
[2017-10-05 17:18:38] :: (4)->  setdac 0 1213
[2017-10-05 17:18:44] :: (4)->  setdac 0 321
[2017-10-05 17:18:45] :: (4)->  setdac 0 1213
[2017-10-05 17:18:46] :: (4)->  setdac 0 321
[2017-10-05 17:18:47] :: (4)->  setdac 0 1213
[2017-10-05 17:32:31] :: (4)->  setdac 0 1212
[2017-10-05 17:32:34] :: (4)->  setdac 0 2366
[2017-10-05 17:32:40] :: (4)->  setdac 1 1212
[2017-10-05 17:33:08] :: (4)->  setdac 0 1814
[2017-10-05 17:33:16] :: (4)->  setdac 1 2177 
[2017-10-05 17:33:57] :: (4)->  setdac 0 2366
[2017-10-05 17:34:01] :: (4)->  setdac 0 1212
[2017-10-05 17:34:10] :: (4)->  setdac 1 1212
[2017-10-05 17:34:47] :: (5)->   setdac 0 2366
[2017-10-05 17:34:47] :: (5)->  setdac 1 1212
[2017-10-05 17:34:47] :: (5)->  
[2017-10-05 17:35:03] :: (4)->  q
[2017-10-05 17:35:17] :: (4)->   setdac 0 2366
[2017-10-05 17:35:17] :: (4)->  setdac 1 1212
[2017-10-05 17:35:17] :: (4)->  
[2017-10-05 17:36:08] :: (4)->   setdac 0 2366
[2017-10-05 17:36:08] :: (4)->  setdac 1 1212
[2017-10-05 17:36:11] :: (4)->   setdac 0 2366
[2017-10-05 17:36:11] :: (4)->  setdac 1 1212
[2017-10-05 17:36:28] :: (4)->   setdac 0 1814
[2017-10-05 17:36:28] :: (4)->  setdac 1 2177
[2017-10-05 17:36:34] :: (4)->   setdac 0 2366
[2017-10-05 17:36:34] :: (4)->  setdac 1 1212
[2017-10-05 17:36:39] :: (4)->   setdac 0 1814
[2017-10-05 17:36:39] :: (4)->  setdac 1 2177
[2017-10-05 17:37:09] :: (4)->  setdac 0 2366
[2017-10-05 17:37:13] :: (4)->  setdac 1 1212
[2017-10-05 17:37:20] :: (4)->  setdac 0 1814
[2017-10-05 17:37:26] :: (4)->  setdac 1 2177
[2017-10-05 17:37:32] :: (5)->   setdac 0 1814
[2017-10-05 17:37:32] :: (5)->  setdac 1 2177
[2017-10-05 17:37:39] :: (5)->   setdac 0 2366
[2017-10-05 17:37:39] :: (5)->  setdac 1 1212
[2017-10-05 17:38:02] :: (5)->   setdac 0 2366
[2017-10-05 17:38:02] :: (5)->  setdac 1 1212
[2017-10-05 17:38:04] :: (5)->   setdac 0 2366
[2017-10-05 17:38:04] :: (5)->  setdac 1 1212
[2017-10-05 17:38:05] :: (5)->   setdac 0 2366
[2017-10-05 17:38:05] :: (5)->  setdac 1 1212
[2017-10-05 17:38:10] :: (5)->   setdac 0 1814
[2017-10-05 17:38:10] :: (5)->  setdac 1 2177
[2017-10-05 17:38:11] :: (5)->   setdac 0 2366
[2017-10-05 17:38:11] :: (5)->  setdac 1 1212
[2017-10-05 17:38:12] :: (5)->   setdac 0 1814
[2017-10-05 17:38:13] :: (5)->  setdac 1 2177
[2017-10-05 17:38:14] :: (7)->   setdac 0 2366
[2017-10-05 17:38:14] :: (7)->  setdac 1 1212
[2017-10-05 17:38:15] :: (5)->   setdac 0 1814
[2017-10-05 17:38:15] :: (5)->  setdac 1 2177
[2017-10-05 17:45:42] :: (5)->   setdac 0 2366
[2017-10-05 17:45:42] :: (5)->  setdac 1 1212
[2017-10-05 17:45:44] :: (5)->   setdac 0 1814
[2017-10-05 17:45:44] :: (5)->  setdac 1 2177
[2017-10-05 17:46:25] :: (5)->   setdac 0 2366
[2017-10-05 17:46:25] :: (5)->  setdac 1 1212
[2017-10-05 17:46:29] :: (5)->   setdac 0 1814
[2017-10-05 17:46:29] :: (5)->  setdac 1 2177
[2017-10-05 17:46:32] :: (5)->   setdac 0 2366
[2017-10-05 17:46:32] :: (5)->  setdac 1 1212
[2017-10-05 17:46:35] :: (5)->   setdac 0 1814
[2017-10-05 17:46:35] :: (5)->  setdac 1 2177
[2017-10-05 17:46:38] :: (5)->   setdac 0 2366
[2017-10-05 17:46:38] :: (5)->  setdac 1 1212
[2017-10-05 17:46:41] :: (5)->   setdac 0 1814
[2017-10-05 17:46:41] :: (5)->  setdac 1 2177
[2017-10-05 17:46:44] :: (5)->   setdac 0 2366
[2017-10-05 17:46:44] :: (5)->  setdac 1 1212
[2017-10-05 17:46:47] :: (5)->   setdac 0 1814
[2017-10-05 17:46:47] :: (5)->  setdac 1 2177
[2017-10-05 17:46:50] :: (5)->   setdac 0 2366
[2017-10-05 17:46:50] :: (5)->  setdac 1 1212
[2017-10-05 17:46:53] :: (5)->   setdac 0 1814
[2017-10-05 17:46:53] :: (5)->  setdac 1 2177
[2017-10-05 17:46:56] :: (5)->   setdac 0 2366
[2017-10-05 17:46:56] :: (5)->  setdac 1 1212
[2017-10-05 17:46:59] :: (5)->   setdac 0 1814
[2017-10-05 17:46:59] :: (5)->  setdac 1 2177
[2017-10-05 17:47:02] :: (5)->   setdac 0 2366
[2017-10-05 17:47:02] :: (5)->  setdac 1 1212
[2017-10-05 17:47:06] :: (5)->   setdac 0 1814
[2017-10-05 17:47:06] :: (5)->  setdac 1 2177
[2017-10-05 17:47:09] :: (5)->   setdac 0 2366
[2017-10-05 17:47:09] :: (5)->  setdac 1 1212
[2017-10-05 17:47:12] :: (5)->   setdac 0 1814
[2017-10-05 17:47:12] :: (5)->  setdac 1 2177
[2017-10-05 17:47:15] :: (5)->   setdac 0 2366
[2017-10-05 17:47:15] :: (5)->  setdac 1 1212
[2017-10-05 17:47:18] :: (7)->   setdac 0 1814
[2017-10-05 17:47:18] :: (7)->  setdac 1 2177
[2017-10-05 17:47:21] :: (5)->   setdac 0 2366
[2017-10-05 17:47:21] :: (5)->  setdac 1 1212
[2017-10-05 17:47:24] :: (7)->   setdac 0 1814
[2017-10-05 17:47:24] :: (7)->  setdac 1 2177
[2017-10-05 17:47:27] :: (5)->   setdac 0 2366
[2017-10-05 17:47:27] :: (5)->  setdac 1 1212
[2017-10-05 17:47:30] :: (5)->   setdac 0 1814
[2017-10-05 17:47:30] :: (5)->  setdac 1 2177
[2017-10-05 17:48:39] :: (4)->  setdac 2 274
[2017-10-05 17:48:42] :: (5)->   setdac 0 2366
[2017-10-05 17:48:42] :: (5)->  setdac 1 1212
[2017-10-05 17:48:45] :: (5)->   setdac 0 1814
[2017-10-05 17:48:45] :: (5)->  setdac 1 2177
[2017-10-05 17:48:48] :: (5)->   setdac 0 2366
[2017-10-05 17:48:48] :: (5)->  setdac 1 1212
[2017-10-05 17:48:51] :: (5)->   setdac 0 1814
[2017-10-05 17:48:51] :: (5)->  setdac 1 2177
[2017-10-05 17:48:54] :: (5)->   setdac 0 2366
[2017-10-05 17:48:54] :: (5)->  setdac 1 1212
[2017-10-05 17:48:57] :: (5)->   setdac 0 1814
[2017-10-05 17:48:57] :: (5)->  setdac 1 2177
[2017-10-05 17:49:01] :: (5)->   setdac 0 2366
[2017-10-05 17:49:01] :: (5)->  setdac 1 1212
[2017-10-05 17:49:04] :: (5)->   setdac 0 1814
[2017-10-05 17:49:04] :: (5)->  setdac 1 2177
[2017-10-05 17:49:07] :: (5)->   setdac 0 2366
[2017-10-05 17:49:07] :: (5)->  setdac 1 1212
[2017-10-05 17:49:10] :: (5)->   setdac 0 1814
[2017-10-05 17:49:10] :: (5)->  setdac 1 2177
[2017-10-05 17:49:13] :: (5)->   setdac 0 2366
[2017-10-05 17:49:13] :: (5)->  setdac 1 1212
[2017-10-05 17:49:16] :: (5)->   setdac 0 1814
[2017-10-05 17:49:16] :: (5)->  setdac 1 2177
[2017-10-05 17:49:19] :: (5)->   setdac 0 2366
[2017-10-05 17:49:19] :: (5)->  setdac 1 1212
[2017-10-05 17:49:22] :: (5)->   setdac 0 1814
[2017-10-05 17:49:22] :: (5)->  setdac 1 2177
[2017-10-05 17:49:25] :: (5)->   setdac 0 2366
[2017-10-05 17:49:25] :: (5)->  setdac 1 1212
[2017-10-05 17:49:28] :: (5)->   setdac 0 1814
[2017-10-05 17:49:28] :: (5)->  setdac 1 2177
[2017-10-05 17:49:31] :: (5)->   setdac 0 2366
[2017-10-05 17:49:31] :: (5)->  setdac 1 1212
[2017-10-05 17:49:34] :: (5)->   setdac 0 1814
[2017-10-05 17:49:34] :: (5)->  setdac 1 2177
[2017-10-05 17:49:38] :: (5)->   setdac 0 2366
[2017-10-05 17:49:38] :: (5)->  setdac 1 1212
[2017-10-05 17:49:41] :: (5)->   setdac 0 1814
[2017-10-05 17:49:41] :: (5)->  setdac 1 2177
[2017-10-05 17:49:44] :: (5)->   setdac 0 2366
[2017-10-05 17:49:44] :: (5)->  setdac 1 1212
[2017-10-05 17:49:47] :: (5)->   setdac 0 1814
[2017-10-05 17:49:47] :: (5)->  setdac 1 2177
[2017-10-05 17:50:14] :: (5)->  point
[2017-10-05 17:50:14] :: (5)->  point 2
[2017-10-05 17:50:16] :: (5)->  point
[2017-10-05 17:50:16] :: (5)->  point 0
[2017-10-05 17:50:42] :: (4)->  q
